Microchip MPLAB XC8 Compiler V2.40

Linker command line:

-W-3 \
  --edf=C:\Program Files\Microchip\xc8\v2.40\pic\dat\20220703182018_en.msgs \
  -cn -h+dist/default/production\Lab3.X.production.sym \
  --cmf=dist/default/production\Lab3.X.production.cmf -z -Q16F887 \
  -oC:\Users\chris\AppData\Local\Temp\xcAsatc.4 --defsym=__MPLAB_BUILD=1 \
  --fixupoverflow=error -Mdist/default/production/Lab3.X.production.map \
  --md=C:\Users\chris\AppData\Local\Temp\xcAsatc.dat -E1 -ver=XC8 Compiler \
  --acfsm=1493 -ACODE=00h-07FFhx4 -ASTRCODE=00h-01FFFh -ASTRING=00h-0FFhx32 \
  -ACONST=00h-0FFhx32 -AENTRY=00h-0FFhx32 -ACOMMON=070h-07Fh \
  -ABANK0=020h-06Fh -ABANK1=0A0h-0EFh -ABANK2=0110h-016Fh \
  -ABANK3=0190h-01EFh -ARAM=020h-06Fh,0A0h-0EFh,0110h-016Fh,0190h-01EFh \
  -AABS1=020h-07Fh,0A0h-0EFh,0110h-016Fh,0190h-01EFh -ASFR0=00h-01Fh \
  -ASFR1=080h-09Fh -ASFR2=0100h-010Fh -ASFR3=0180h-018Fh \
  -ACONFIG=02007h-02008h -DCONFIG=2 -AIDLOC=02000h-02003h -DIDLOC=2 \
  -AEEDATA=00h-0FFh/02100h -peeprom_data=EEDATA -DEEDATA=2 -DCODE=2 \
  -DSTRCODE=2 -DSTRING=2 -DCONST=2 -DENTRY=2 \
  -preset_vec=00h,intentry,init,end_init -ppowerup=CODE -pcinit=CODE \
  -pfunctab=ENTRY -k C:\Users\chris\AppData\Local\Temp\xcAsatc.o \
  dist/default/production\Lab3.X.production.o 

Object code version is 3.11

Machine type is 16F887



                Name                               Link     Load   Length Selector   Space Scale
C:\Users\chris\AppData\Local\Temp\xcAsatc.o
                end_init                              0        0        3        0       0
                config                             2007     2007        2        0       4
                idloc                              2000     2000        4        0       5
dist/default/production\Lab3.X.production.o
                cinit                               7F7      7F7        9      FEE       0
                config                             2007     2007        2        0       4
                idloc                              2000     2000        4        0       5
                text14                              5E6      5E6       69      BCC       0
                text13                              58D      58D       59      B1A       0
                text12                              445      445        6      88A       0
                text11                              494      494       1A      928       0
                text10                              451      451        7      8A2       0
                text9                               53F      53F       4E      A7E       0
                text8                               4AE      4AE       20      95C       0
                text7                               468      468       16      8D0       0
                text6                               4CE      4CE       25      99C       0
                text5                               47E      47E       16      8FC       0
                text4                               4F3      4F3       4C      9E6       0
                text3                               458      458        7      8B0       0
                text2                               45F      45F        9      8BE       0
                text1                               44B      44B        6      896       0
                maintext                            64F      64F      1A8      C9E       0
                cstackBANK0                          20       20        7       20       1
                cstackCOMMON                         70       70        C       70       1
                bssBANK0                             27       27        1       20       1
                bssCOMMON                            7C       7C        2       70       1
                strings                               3        3       17        6       0

TOTAL           Name                               Link     Load   Length     Space
        CLASS   CODE           
                end_init                              0        0        3         0
                cinit                               7F7      7F7        9         0
                text14                              5E6      5E6       69         0
                text13                              58D      58D       59         0
                text12                              445      445        6         0
                text11                              494      494       1A         0
                text10                              451      451        7         0
                text9                               53F      53F       4E         0
                text8                               4AE      4AE       20         0
                text7                               468      468       16         0
                text6                               4CE      4CE       25         0
                text5                               47E      47E       16         0
                text4                               4F3      4F3       4C         0
                text3                               458      458        7         0
                text2                               45F      45F        9         0
                text1                               44B      44B        6         0
                maintext                            64F      64F      1A8         0

        CLASS   STRCODE        

        CLASS   STRING         
                strings                               3        3       17         0

        CLASS   CONST          

        CLASS   ENTRY          

        CLASS   COMMON         
                cstackCOMMON                         70       70        C         1
                bssCOMMON                            7C       7C        2         1

        CLASS   BANK0          
                cstackBANK0                          20       20        7         1
                bssBANK0                             27       27        1         1

        CLASS   BANK1          

        CLASS   BANK2          

        CLASS   BANK3          

        CLASS   RAM            

        CLASS   ABS1           
                abs_s1                               7E       7E        2         1

        CLASS   SFR0           

        CLASS   SFR1           

        CLASS   SFR2           

        CLASS   SFR3           

        CLASS   CONFIG         
                config                             2007     2007        2         4

        CLASS   IDLOC          
                idloc                              2000     2000        4         5

        CLASS   EEDATA         

        CLASS   STACK          



SEGMENTS        Name                           Load    Length   Top    Selector   Space  Class     Delta

                reset_vec                      000000  000003  000003         0       0  CODE        2
                strings                        000003  000017  00001A         6       0  STRING      2
                cstackBANK0                    000020  000008  000028        20       1  BANK0       1
                cstackCOMMON                   000070  00000E  00007E        70       1  COMMON      1
                text12                         000445  000006  00044B       88A       0  CODE        2
                text1                          00044B  000006  000451       896       0  CODE        2
                text10                         000451  000007  000458       8A2       0  CODE        2
                text3                          000458  000007  00045F       8B0       0  CODE        2
                text2                          00045F  000009  000468       8BE       0  CODE        2
                text7                          000468  000016  00047E       8D0       0  CODE        2
                text5                          00047E  000016  000494       8FC       0  CODE        2
                text11                         000494  00001A  0004AE       928       0  CODE        2
                text8                          0004AE  000020  0004CE       95C       0  CODE        2
                text6                          0004CE  000025  0004F3       99C       0  CODE        2
                text4                          0004F3  00004C  00053F       9E6       0  CODE        2
                text9                          00053F  00004E  00058D       A7E       0  CODE        2
                text13                         00058D  000059  0005E6       B1A       0  CODE        2
                text14                         0005E6  000069  00064F       BCC       0  CODE        2
                maintext                       00064F  0001A8  0007F7       C9E       0  CODE        2
                cinit                          0007F7  000009  000800       FEE       0  CODE        2


UNUSED ADDRESS RANGES

        Name                Unused          Largest block    Delta
        BANK0            0028-006F             48           1
        BANK1            00A0-00EF             50           1
        BANK2            0110-016F             60           1
        BANK3            0190-01EF             60           1
        CODE             001A-0444            42B           2
                         0800-1FFF            800
        CONST            001A-0444            100           2
                         0800-1FFF            100
        EEDATA           2100-21FF            100           2
        ENTRY            001A-0444            100           2
                         0800-1FFF            100
        RAM              0028-006F             48           1
                         00A0-00EF             50
                         0110-016F             60
                         0190-01EF             60
        SFR0             0000-001F             20           1
        SFR1             0080-009F             20           1
        SFR2             0100-010F             10           1
        SFR3             0180-018F             10           1
        STRCODE          001A-0444            42B           2
                         0800-1FFF           1800
        STRING           001A-0444            100           2
                         0800-1FFF            100

                                  Symbol Table

?___awdiv                       cstackCOMMON 0077
?___awmod                       cstackCOMMON 0070
Lcd_8bits_Cmd@a                 cstackCOMMON 0073
Lcd_8bits_Port@a                cstackCOMMON 0070
Lcd_8bits_Set_Cursor@column     cstackCOMMON 0074
Lcd_8bits_Set_Cursor@row        cstackCOMMON 0075
Lcd_8bits_Set_Cursor@temp       cstackCOMMON 0076
Lcd_8bits_Write_Char@a          cstackCOMMON 0072
Lcd_8bits_Write_String@a        cstackCOMMON 0075
Lcd_8bits_Write_String@i        cstackCOMMON 0073
_ADCON0bits                     (abs)        001F
_ADCON1bits                     (abs)        009F
_ADRESH                         (abs)        001E
_ANSEL                          (abs)        0188
_ANSELH                         (abs)        0189
_INTCONbits                     (abs)        000B
_IOCB                           (abs)        0096
_Lcd_8bits_Clear                text10       0451
_Lcd_8bits_Cmd                  text11       0494
_Lcd_8bits_Init                 text9        053F
_Lcd_8bits_Port                 text12       0445
_Lcd_8bits_Set_Cursor           text8        04AE
_Lcd_8bits_Write_Char           text7        0468
_Lcd_8bits_Write_String         text6        04CE
_OPTION_REGbits                 (abs)        0081
_OSCCONbits                     (abs)        008F
_PIE1bits                       (abs)        008C
_PIR1bits                       (abs)        000C
_PORTA                          (abs)        0005
_PORTB                          (abs)        0006
_PORTC                          (abs)        0007
_PORTCbits                      (abs)        0007
_PORTD                          (abs)        0008
_PORTE                          (abs)        0009
_RE0                            (abs)        0048
_RE1                            (abs)        0049
_SSPBUF                         (abs)        0013
_SSPCON                         (abs)        0014
_SSPSTAT                        (abs)        0094
_SSPSTATbits                    (abs)        0094
_TRISA                          (abs)        0085
_TRISB                          (abs)        0086
_TRISC                          (abs)        0087
_TRISC3                         (abs)        043B
_TRISC4                         (abs)        043C
_TRISC5                         (abs)        043D
_TRISD                          (abs)        0088
_TRISE                          (abs)        0089
_WPUB                           (abs)        0095
__Habs1                         abs1         0000
__Hbank0                        bank0        0000
__Hbank1                        bank1        0000
__Hbank2                        bank2        0000
__Hbank3                        bank3        0000
__HbssBANK0                     bssBANK0     0000
__HbssCOMMON                    bssCOMMON    0000
__Hcinit                        cinit        0800
__Hclrtext                      clrtext      0000
__Hcode                         code         0000
__Hcommon                       common       0000
__Hconfig                       config       2009
__HcstackBANK0                  cstackBANK0  0000
__HcstackCOMMON                 cstackCOMMON 0000
__Heeprom_data                  eeprom_data  0000
__Hend_init                     end_init     0003
__Hfunctab                      functab      0000
__Hidloc                        idloc        2004
__Hinit                         init         0000
__Hintentry                     intentry     0000
__Hmaintext                     maintext     0000
__Hpowerup                      powerup      0000
__Hram                          ram          0000
__Hreset_vec                    reset_vec    0000
__Hsfr0                         sfr0         0000
__Hsfr1                         sfr1         0000
__Hsfr2                         sfr2         0000
__Hsfr3                         sfr3         0000
__Hspace_0                      (abs)        0800
__Hspace_1                      (abs)        007E
__Hspace_2                      (abs)        0000
__Hspace_3                      (abs)        0000
__Hspace_4                      (abs)        4010
__Hstack                        stack        0000
__Hstrings                      strings      0000
__Htext                         text         0000
__Labs1                         abs1         0000
__Lbank0                        bank0        0000
__Lbank1                        bank1        0000
__Lbank2                        bank2        0000
__Lbank3                        bank3        0000
__LbssBANK0                     bssBANK0     0000
__LbssCOMMON                    bssCOMMON    0000
__Lcinit                        cinit        07F7
__Lclrtext                      clrtext      0000
__Lcode                         code         0000
__Lcommon                       common       0000
__Lconfig                       config       0000
__LcstackBANK0                  cstackBANK0  0000
__LcstackCOMMON                 cstackCOMMON 0000
__Leeprom_data                  eeprom_data  0000
__Lend_init                     end_init     0000
__Lfunctab                      functab      0000
__Lidloc                        idloc        0000
__Linit                         init         0000
__Lintentry                     intentry     0000
__Lmaintext                     maintext     0000
__Lpowerup                      powerup      0000
__Lram                          ram          0000
__Lreset_vec                    reset_vec    0000
__Lsfr0                         sfr0         0000
__Lsfr1                         sfr1         0000
__Lsfr2                         sfr2         0000
__Lsfr3                         sfr3         0000
__Lspace_0                      (abs)        0000
__Lspace_1                      (abs)        0000
__Lspace_2                      (abs)        0000
__Lspace_3                      (abs)        0000
__Lspace_4                      (abs)        0000
__Lstack                        stack        0000
__Lstrings                      strings      0000
__Ltext                         text         0000
__S0                            (abs)        0800
__S1                            (abs)        007E
__S3                            (abs)        0000
___awdiv                        text14       05E6
___awdiv@counter                cstackBANK0  0020
___awdiv@dividend               cstackCOMMON 0079
___awdiv@divisor                cstackCOMMON 0077
___awdiv@quotient               cstackBANK0  0022
___awdiv@sign                   cstackBANK0  0021
___awmod                        text13       058D
___awmod@counter                cstackCOMMON 0075
___awmod@dividend               cstackCOMMON 0072
___awmod@divisor                cstackCOMMON 0070
___awmod@sign                   cstackCOMMON 0076
___int_sp                       stack        0000
___latbits                      (abs)        0002
___sp                           stack        0000
___stackhi                      (abs)        0000
___stacklo                      (abs)        0000
__end_of_Lcd_8bits_Clear        text10       0458
__end_of_Lcd_8bits_Cmd          text11       04AE
__end_of_Lcd_8bits_Init         text9        058D
__end_of_Lcd_8bits_Port         text12       044B
__end_of_Lcd_8bits_Set_Cursor   text8        04CE
__end_of_Lcd_8bits_Write_Char   text7        047E
__end_of_Lcd_8bits_Write_String text6        04F3
__end_of___awdiv                text14       064F
__end_of___awmod                text13       05E6
__end_of__initialization        cinit        07FC
__end_of__stringtab             strings      0009
__end_of_main                   maintext     07F7
__end_of_setup                  text4        053F
__end_of_spiInit                text5        0494
__end_of_spiRead                text2        0468
__end_of_spiReceiveWait         text3        045F
__end_of_spiWrite               text1        0451
__initialization                cinit        07F7
__pbssBANK0                     bssBANK0     0027
__pbssCOMMON                    bssCOMMON    007C
__pcstackBANK0                  cstackBANK0  0020
__pcstackCOMMON                 cstackCOMMON 0070
__pmaintext                     maintext     064F
__pstrings                      strings      0003
__ptext1                        text1        044B
__ptext10                       text10       0451
__ptext11                       text11       0494
__ptext12                       text12       0445
__ptext13                       text13       058D
__ptext14                       text14       05E6
__ptext2                        text2        045F
__ptext3                        text3        0458
__ptext4                        text4        04F3
__ptext5                        text5        047E
__ptext6                        text6        04CE
__ptext7                        text7        0468
__ptext8                        text8        04AE
__ptext9                        text9        053F
__stringbase                    strings      0008
__stringtab                     strings      0003
_main                           maintext     064F
_setup                          text4        04F3
_spiInit                        text5        047E
_spiRead                        text2        045F
_spiReceiveWait                 text3        0458
_spiWrite                       text1        044B
_valCount                       bssBANK0     0027
_valPot1                        bssCOMMON    007D
_valPot2                        bssCOMMON    007C
btemp                           (abs)        007E
end_of_initialization           cinit        07FC
intlevel0                       functab      0000
intlevel1                       functab      0000
intlevel2                       functab      0000
intlevel3                       functab      0000
intlevel4                       functab      0000
intlevel5                       functab      0000
reset_vec                       reset_vec    0000
spiInit@sClockIdle              cstackCOMMON 0071
spiInit@sDataSample             cstackCOMMON 0070
spiInit@sTransmitEdge           cstackCOMMON 0072
spiInit@sType                   cstackCOMMON 0073
spiWrite@dat                    cstackCOMMON 0070
start                           init         0000
start_initialization            cinit        07F7
wtemp0                          (abs)        007E


MODULE INFORMATION

Module		Function		Class		Link	Load	Size
C:\Program Files\Microchip\xc8\v2.40\pic\sources\c90\common\awdiv.c
		___awdiv       		CODE           	05E6	0000	105

C:\Program Files\Microchip\xc8\v2.40\pic\sources\c90\common\awdiv.c estimated size: 105

mainMaster.c
		_main          		CODE           	064F	0000	424
		_setup         		CODE           	04F3	0000	76

mainMaster.c estimated size: 500

shared
		__stringtab    		STRING         	0003	0000	6
		__initialization		CODE           	07F7	0000	5

shared estimated size: 11

lcd_8bits_lib.c
		_Lcd_8bits_Write_Char		CODE           	0468	0000	22
		_Lcd_8bits_Cmd 		CODE           	0494	0000	26
		_Lcd_8bits_Init		CODE           	053F	0000	78
		_Lcd_8bits_Port		CODE           	0445	0000	6
		_Lcd_8bits_Set_Cursor		CODE           	04AE	0000	32
		_Lcd_8bits_Clear		CODE           	0451	0000	7
		_Lcd_8bits_Write_String		CODE           	04CE	0000	37

lcd_8bits_lib.c estimated size: 208

SPI.c
		_spiWrite      		CODE           	044B	0000	6
		_spiInit       		CODE           	047E	0000	22
		_spiReceiveWait		CODE           	0458	0000	7
		_spiRead       		CODE           	045F	0000	9

SPI.c estimated size: 44

C:\Program Files\Microchip\xc8\v2.40\pic\sources\c90\common\awmod.c
		___awmod       		CODE           	058D	0000	89

C:\Program Files\Microchip\xc8\v2.40\pic\sources\c90\common\awmod.c estimated size: 89

